{
    "-profile test": {
        "content": [
            19,
            {
                "BEDTOOLS_GETFASTA": {
                    "bedtools": "2.31.1"
                },
                "BITSCOREFILTER": {
                    "coreutils": 9.3
                },
                "BLAST_BLASTN": {
                    "blast": "2.15.0+"
                },
                "BLAST_MAKEBLASTDB2": {
                    "blast": "2.15.0+"
                },
                "BLAST_MAKEBLASTDB": {
                    "blast": "2.15.0+"
                },
                "BLAST_TBLASTX2": {
                    "blast": "2.15.0+"
                },
                "BLAST_TBLASTX": {
                    "blast": "2.15.0+"
                },
                "CLEANHEADERS": {
                    "python": "3.12.2",
                    "sed": 4.0
                },
                "FASTP": {
                    "fastp": "0.23.4"
                },
                "GETORTHOLOGS_FULL": {
                    "bedtools": "2.31.1"
                },
                "GETORTHOLOGS_PROBE": {
                    "bedtools": "2.31.1"
                },
                "GNU_SORT2": {
                    "coreutils": 9.3
                },
                "GNU_SORT": {
                    "coreutils": 9.3
                },
                "GUNZIP": {
                    "gunzip": 1.13
                },
                "ORTHOLOGFILTER": {
                    "python": "3.12.2"
                },
                "SPADES": {
                    "spades": "4.0.0"
                },
                "VSEARCH_CLUSTER": {
                    "vsearch": "2.21.1"
                },
                "Workflow": {
                    "nf-core/targetassembly": "v1.0.0dev"
                }
            },
            [
                "bedtools",
                "bedtools/105603_P011_WD08_4002184661_Calopterygidae_Umma_declivium.fa",
                "bitscorefilter",
                "bitscorefilter/105603_P011_WD08_4002184661_Calopterygidae_Umma_declivium.filtered.bed",
                "bitscorefilter/105603_P011_WD08_4002184661_Calopterygidae_Umma_declivium.filtered.key",
                "bitscorefilter/105603_P011_WD08_4002184661_Calopterygidae_Umma_declivium.filtered.txt",
                "blast",
                "blast/105603_P011_WD08_4002184661_Calopterygidae_Umma_declivium",
                "blast/105603_P011_WD08_4002184661_Calopterygidae_Umma_declivium.probe2scaffold.txt",
                "blast/105603_P011_WD08_4002184661_Calopterygidae_Umma_declivium.scaffold2reference.txt",
                "blast/105603_P011_WD08_4002184661_Calopterygidae_Umma_declivium/105603_P011_WD08_4002184661_Calopterygidae_Umma_declivium.centroids.fasta",
                "blast/105603_P011_WD08_4002184661_Calopterygidae_Umma_declivium/105603_P011_WD08_4002184661_Calopterygidae_Umma_declivium.centroids.fasta.gz",
                "blast/105603_P011_WD08_4002184661_Calopterygidae_Umma_declivium/105603_P011_WD08_4002184661_Calopterygidae_Umma_declivium.centroids.fasta.ndb",
                "blast/105603_P011_WD08_4002184661_Calopterygidae_Umma_declivium/105603_P011_WD08_4002184661_Calopterygidae_Umma_declivium.centroids.fasta.nhr",
                "blast/105603_P011_WD08_4002184661_Calopterygidae_Umma_declivium/105603_P011_WD08_4002184661_Calopterygidae_Umma_declivium.centroids.fasta.nin",
                "blast/105603_P011_WD08_4002184661_Calopterygidae_Umma_declivium/105603_P011_WD08_4002184661_Calopterygidae_Umma_declivium.centroids.fasta.njs",
                "blast/105603_P011_WD08_4002184661_Calopterygidae_Umma_declivium/105603_P011_WD08_4002184661_Calopterygidae_Umma_declivium.centroids.fasta.not",
                "blast/105603_P011_WD08_4002184661_Calopterygidae_Umma_declivium/105603_P011_WD08_4002184661_Calopterygidae_Umma_declivium.centroids.fasta.nsq",
                "blast/105603_P011_WD08_4002184661_Calopterygidae_Umma_declivium/105603_P011_WD08_4002184661_Calopterygidae_Umma_declivium.centroids.fasta.ntf",
                "blast/105603_P011_WD08_4002184661_Calopterygidae_Umma_declivium/105603_P011_WD08_4002184661_Calopterygidae_Umma_declivium.centroids.fasta.nto",
                "blast/L160__tanypteryx_R_probe.probe2reference.txt",
                "blast/L160__tanypteryx_R_reference",
                "blast/L160__tanypteryx_R_reference/L160__tanypteryx_R_reference.fasta",
                "blast/L160__tanypteryx_R_reference/L160__tanypteryx_R_reference.fasta.ndb",
                "blast/L160__tanypteryx_R_reference/L160__tanypteryx_R_reference.fasta.nhr",
                "blast/L160__tanypteryx_R_reference/L160__tanypteryx_R_reference.fasta.nin",
                "blast/L160__tanypteryx_R_reference/L160__tanypteryx_R_reference.fasta.njs",
                "blast/L160__tanypteryx_R_reference/L160__tanypteryx_R_reference.fasta.not",
                "blast/L160__tanypteryx_R_reference/L160__tanypteryx_R_reference.fasta.nsq",
                "blast/L160__tanypteryx_R_reference/L160__tanypteryx_R_reference.fasta.ntf",
                "blast/L160__tanypteryx_R_reference/L160__tanypteryx_R_reference.fasta.nto",
                "cleanheaders",
                "cleanheaders/105603_P011_WD08_4002184661_Calopterygidae_Umma_declivium.orthologs.full.fasta",
                "cleanheaders/105603_P011_WD08_4002184661_Calopterygidae_Umma_declivium.orthologs.probe.fasta",
                "cleanheaders/105603_P011_WD08_4002184661_Calopterygidae_Umma_declivium.stats.kmer_coverage.csv",
                "cleanheaders/105603_P011_WD08_4002184661_Calopterygidae_Umma_declivium.stats.length_full.csv",
                "cleanheaders/105603_P011_WD08_4002184661_Calopterygidae_Umma_declivium.stats.length_probe.csv",
                "cleanheaders/105603_P011_WD08_4002184661_Calopterygidae_Umma_declivium.stats.summary.csv",
                "fastp",
                "fastp/105603_P011_WD08_4002184661_Calopterygidae_Umma_declivium.fastp.html",
                "fastp/105603_P011_WD08_4002184661_Calopterygidae_Umma_declivium.fastp.json",
                "fastp/105603_P011_WD08_4002184661_Calopterygidae_Umma_declivium.fastp.log",
                "fastp/105603_P011_WD08_4002184661_Calopterygidae_Umma_declivium_1.fastp.fastq.gz",
                "fastp/105603_P011_WD08_4002184661_Calopterygidae_Umma_declivium_2.fastp.fastq.gz",
                "gatherstats",
                "gatherstats/summary.csv",
                "getorthologs",
                "getorthologs/105603_P011_WD08_4002184661_Calopterygidae_Umma_declivium.full_ortho.fa",
                "getorthologs/105603_P011_WD08_4002184661_Calopterygidae_Umma_declivium.probe_ortho.fa",
                "gnu",
                "gnu/105603_P011_WD08_4002184661_Calopterygidae_Umma_declivium.ortho_filtered.txt",
                "gnu/L160__tanypteryx_R_probe.probes_filtered.txt",
                "gunzip",
                "gunzip/105603_P011_WD08_4002184661_Calopterygidae_Umma_declivium.centroids.fasta",
                "orthologfilter",
                "orthologfilter/105603_P011_WD08_4002184661_Calopterygidae_Umma_declivium.ortho_full.bed",
                "orthologfilter/105603_P011_WD08_4002184661_Calopterygidae_Umma_declivium.ortho_probe.bed",
                "pipeline_info",
                "pipeline_info/nf_core_targetassembly_software_versions.yml",
                "spades",
                "spades/105603_P011_WD08_4002184661_Calopterygidae_Umma_declivium.assembly.gfa.gz",
                "spades/105603_P011_WD08_4002184661_Calopterygidae_Umma_declivium.contigs.fa.gz",
                "spades/105603_P011_WD08_4002184661_Calopterygidae_Umma_declivium.scaffolds.fa.gz",
                "spades/105603_P011_WD08_4002184661_Calopterygidae_Umma_declivium.spades.log",
                "spades/105603_P011_WD08_4002184661_Calopterygidae_Umma_declivium.warnings.log",
                "vsearch",
                "vsearch/105603_P011_WD08_4002184661_Calopterygidae_Umma_declivium.centroids.fasta.gz"
            ]
        ],
        "meta": {
            "nf-test": "0.9.2",
            "nextflow": "24.10.4"
        },
        "timestamp": "2026-01-17T09:46:57.687700145"
    }
}